I'm sorry, but errors were detected in your script. Please correct the
errors listed below, and try again.


File "game/script.rpy", line 10: unexpected EOF while parsing
    im.MatrixColor(brian_normal, .1), im.matrix.invert())
                                                         ^

Ren'Py Version: Ren'Py 6.99.12.3.2123
